Archive member included to satisfy reference by file (symbol)

c:/program files (x86)/atmel/studio/7.0/toolchain/avr8/avr8-gnu-toolchain/bin/../lib/gcc/avr/5.4.0/avr5\libgcc.a(_udivmodhi4.o)
                              main_adc_int_timer1_int_pwm.o (__udivmodhi4)
c:/program files (x86)/atmel/studio/7.0/toolchain/avr8/avr8-gnu-toolchain/bin/../lib/gcc/avr/5.4.0/avr5\libgcc.a(_udivmodsi4.o)
                              bios_timer1.o (__udivmodsi4)
c:/program files (x86)/atmel/studio/7.0/toolchain/avr8/avr8-gnu-toolchain/bin/../lib/gcc/avr/5.4.0/avr5\libgcc.a(_exit.o)
                              C:/Program Files (x86)/Atmel/Studio/7.0/Packs/atmel/ATmega_DFP/1.4.331/gcc/dev/atmega328p/avr5/crtatmega328p.o (exit)
c:/program files (x86)/atmel/studio/7.0/toolchain/avr8/avr8-gnu-toolchain/bin/../lib/gcc/avr/5.4.0/avr5\libgcc.a(_copy_data.o)
                              bios_timer1.o (__do_copy_data)
c:/program files (x86)/atmel/studio/7.0/toolchain/avr8/avr8-gnu-toolchain/bin/../lib/gcc/avr/5.4.0/avr5\libgcc.a(_clear_bss.o)
                              bios_adc.o (__do_clear_bss)
c:/program files (x86)/atmel/studio/7.0/toolchain/avr8/avr8-gnu-toolchain/bin/../lib/gcc/avr/5.4.0/avr5\libgcc.a(_ctors.o)
                              bios_adc.o (__do_global_ctors)
c:/program files (x86)/atmel/studio/7.0/toolchain/avr8/avr8-gnu-toolchain/bin/../lib/gcc/avr/5.4.0/avr5\libgcc.a(_tablejump2.o)
                              c:/program files (x86)/atmel/studio/7.0/toolchain/avr8/avr8-gnu-toolchain/bin/../lib/gcc/avr/5.4.0/avr5\libgcc.a(_ctors.o) (__tablejump2__)

Discarded input sections

 .data          0x00000000        0x0 C:/Program Files (x86)/Atmel/Studio/7.0/Packs/atmel/ATmega_DFP/1.4.331/gcc/dev/atmega328p/avr5/crtatmega328p.o
 .bss           0x00000000        0x0 C:/Program Files (x86)/Atmel/Studio/7.0/Packs/atmel/ATmega_DFP/1.4.331/gcc/dev/atmega328p/avr5/crtatmega328p.o
 .group         0x00000000        0x8 bios_adc.o
 .group         0x00000000        0x8 bios_adc.o
 .group         0x00000000        0x8 bios_adc.o
 .group         0x00000000        0x8 bios_adc.o
 .group         0x00000000        0x8 bios_adc.o
 .group         0x00000000        0x8 bios_adc.o
 .group         0x00000000        0x8 bios_adc.o
 .group         0x00000000        0x8 bios_adc.o
 .group         0x00000000        0x8 bios_adc.o
 .group         0x00000000        0x8 bios_adc.o
 .group         0x00000000        0x8 bios_adc.o
 .text          0x00000000        0x0 bios_adc.o
 .data          0x00000000        0x0 bios_adc.o
 .bss           0x00000000        0x0 bios_adc.o
 .text._ZN11ADConverter8shutdownEv
                0x00000000        0xa bios_adc.o
 .group         0x00000000        0x8 bios_keys.o
 .group         0x00000000        0x8 bios_keys.o
 .group         0x00000000        0x8 bios_keys.o
 .group         0x00000000        0x8 bios_keys.o
 .group         0x00000000        0x8 bios_keys.o
 .group         0x00000000        0x8 bios_keys.o
 .group         0x00000000        0x8 bios_keys.o
 .group         0x00000000        0x8 bios_keys.o
 .group         0x00000000        0x8 bios_keys.o
 .group         0x00000000        0x8 bios_keys.o
 .text          0x00000000        0x0 bios_keys.o
 .data          0x00000000        0x0 bios_keys.o
 .bss           0x00000000        0x0 bios_keys.o
 .text._ZN8MenuKeysC2Ev
                0x00000000       0x20 bios_keys.o
 .text._ZN8MenuKeysD2Ev
                0x00000000       0x1c bios_keys.o
 .text._ZNK8MenuKeys3getEv
                0x00000000       0x16 bios_keys.o
 .bss._ZN8MenuKeys9use_countE
                0x00000000        0x1 bios_keys.o
 .debug_info    0x00000000      0x26c bios_keys.o
 .debug_abbrev  0x00000000      0x170 bios_keys.o
 .debug_loc     0x00000000       0x88 bios_keys.o
 .debug_aranges
                0x00000000       0x30 bios_keys.o
 .debug_ranges  0x00000000       0x20 bios_keys.o
 .debug_macro   0x00000000       0x8c bios_keys.o
 .debug_macro   0x00000000      0xa5a bios_keys.o
 .debug_macro   0x00000000       0x1e bios_keys.o
 .debug_macro   0x00000000       0x10 bios_keys.o
 .debug_macro   0x00000000       0x9e bios_keys.o
 .debug_macro   0x00000000     0x1410 bios_keys.o
 .debug_macro   0x00000000      0x13a bios_keys.o
 .debug_macro   0x00000000       0xbd bios_keys.o
 .debug_macro   0x00000000       0x34 bios_keys.o
 .debug_macro   0x00000000       0x18 bios_keys.o
 .debug_macro   0x00000000       0x6c bios_keys.o
 .debug_line    0x00000000      0x294 bios_keys.o
 .debug_str     0x00000000     0x5c98 bios_keys.o
 .comment       0x00000000       0x31 bios_keys.o
 .debug_frame   0x00000000       0x44 bios_keys.o
 .group         0x00000000        0x8 bios_leds.o
 .group         0x00000000        0x8 bios_leds.o
 .group         0x00000000        0x8 bios_leds.o
 .group         0x00000000        0x8 bios_leds.o
 .group         0x00000000        0x8 bios_leds.o
 .group         0x00000000        0x8 bios_leds.o
 .group         0x00000000        0x8 bios_leds.o
 .group         0x00000000        0x8 bios_leds.o
 .group         0x00000000        0x8 bios_leds.o
 .group         0x00000000        0x8 bios_leds.o
 .text          0x00000000        0x0 bios_leds.o
 .data          0x00000000        0x0 bios_leds.o
 .bss           0x00000000        0x0 bios_leds.o
 .text._ZN4LEDsD2Ev
                0x00000000       0x1c bios_leds.o
 .debug_macro   0x00000000      0xa5a bios_leds.o
 .debug_macro   0x00000000       0x1e bios_leds.o
 .debug_macro   0x00000000       0x10 bios_leds.o
 .debug_macro   0x00000000       0x9e bios_leds.o
 .debug_macro   0x00000000     0x1410 bios_leds.o
 .debug_macro   0x00000000      0x13a bios_leds.o
 .debug_macro   0x00000000       0xbd bios_leds.o
 .debug_macro   0x00000000       0x34 bios_leds.o
 .debug_macro   0x00000000       0x18 bios_leds.o
 .debug_macro   0x00000000       0x6c bios_leds.o
 .group         0x00000000        0x8 bios_timer1.o
 .group         0x00000000        0x8 bios_timer1.o
 .group         0x00000000        0x8 bios_timer1.o
 .group         0x00000000        0x8 bios_timer1.o
 .group         0x00000000        0x8 bios_timer1.o
 .group         0x00000000        0x8 bios_timer1.o
 .group         0x00000000        0x8 bios_timer1.o
 .group         0x00000000        0x8 bios_timer1.o
 .group         0x00000000        0x8 bios_timer1.o
 .group         0x00000000        0x8 bios_timer1.o
 .group         0x00000000        0x8 bios_timer1.o
 .text          0x00000000        0x0 bios_timer1.o
 .data          0x00000000        0x0 bios_timer1.o
 .bss           0x00000000        0x0 bios_timer1.o
 .text._ZN6Timer18shutdownEv
                0x00000000       0x1a bios_timer1.o
 .debug_macro   0x00000000      0xa5a bios_timer1.o
 .debug_macro   0x00000000       0x1e bios_timer1.o
 .debug_macro   0x00000000       0x10 bios_timer1.o
 .debug_macro   0x00000000       0x9e bios_timer1.o
 .debug_macro   0x00000000     0x1410 bios_timer1.o
 .debug_macro   0x00000000      0x13a bios_timer1.o
 .debug_macro   0x00000000       0xbd bios_timer1.o
 .debug_macro   0x00000000       0x34 bios_timer1.o
 .debug_macro   0x00000000       0x18 bios_timer1.o
 .debug_macro   0x00000000       0x6c bios_timer1.o
 .debug_macro   0x00000000       0x69 bios_timer1.o
 .group         0x00000000        0x8 main_adc_int_timer1_int_pwm.o
 .group         0x00000000        0x8 main_adc_int_timer1_int_pwm.o
 .group         0x00000000        0x8 main_adc_int_timer1_int_pwm.o
 .group         0x00000000        0x8 main_adc_int_timer1_int_pwm.o
 .group         0x00000000        0x8 main_adc_int_timer1_int_pwm.o
 .group         0x00000000        0x8 main_adc_int_timer1_int_pwm.o
 .group         0x00000000        0x8 main_adc_int_timer1_int_pwm.o
 .group         0x00000000        0x8 main_adc_int_timer1_int_pwm.o
 .group         0x00000000        0x8 main_adc_int_timer1_int_pwm.o
 .group         0x00000000        0x8 main_adc_int_timer1_int_pwm.o
 .group         0x00000000        0x8 main_adc_int_timer1_int_pwm.o
 .group         0x00000000        0x8 main_adc_int_timer1_int_pwm.o
 .group         0x00000000        0x8 main_adc_int_timer1_int_pwm.o
 .group         0x00000000        0x8 main_adc_int_timer1_int_pwm.o
 .group         0x00000000        0x8 main_adc_int_timer1_int_pwm.o
 .group         0x00000000        0x8 main_adc_int_timer1_int_pwm.o
 .text          0x00000000        0x0 main_adc_int_timer1_int_pwm.o
 .data          0x00000000        0x0 main_adc_int_timer1_int_pwm.o
 .bss           0x00000000        0x0 main_adc_int_timer1_int_pwm.o
 .debug_macro   0x00000000      0xa5a main_adc_int_timer1_int_pwm.o
 .debug_macro   0x00000000       0x1e main_adc_int_timer1_int_pwm.o
 .debug_macro   0x00000000       0x10 main_adc_int_timer1_int_pwm.o
 .debug_macro   0x00000000       0x9e main_adc_int_timer1_int_pwm.o
 .debug_macro   0x00000000     0x1410 main_adc_int_timer1_int_pwm.o
 .debug_macro   0x00000000      0x13a main_adc_int_timer1_int_pwm.o
 .debug_macro   0x00000000       0xbd main_adc_int_timer1_int_pwm.o
 .debug_macro   0x00000000       0x34 main_adc_int_timer1_int_pwm.o
 .debug_macro   0x00000000       0x18 main_adc_int_timer1_int_pwm.o
 .debug_macro   0x00000000       0x6c main_adc_int_timer1_int_pwm.o
 .text          0x00000000        0x0 c:/program files (x86)/atmel/studio/7.0/toolchain/avr8/avr8-gnu-toolchain/bin/../lib/gcc/avr/5.4.0/avr5\libgcc.a(_udivmodhi4.o)
 .data          0x00000000        0x0 c:/program files (x86)/atmel/studio/7.0/toolchain/avr8/avr8-gnu-toolchain/bin/../lib/gcc/avr/5.4.0/avr5\libgcc.a(_udivmodhi4.o)
 .bss           0x00000000        0x0 c:/program files (x86)/atmel/studio/7.0/toolchain/avr8/avr8-gnu-toolchain/bin/../lib/gcc/avr/5.4.0/avr5\libgcc.a(_udivmodhi4.o)
 .text.libgcc.mul
                0x00000000        0x0 c:/program files (x86)/atmel/studio/7.0/toolchain/avr8/avr8-gnu-toolchain/bin/../lib/gcc/avr/5.4.0/avr5\libgcc.a(_udivmodhi4.o)
 .text.libgcc   0x00000000        0x0 c:/program files (x86)/atmel/studio/7.0/toolchain/avr8/avr8-gnu-toolchain/bin/../lib/gcc/avr/5.4.0/avr5\libgcc.a(_udivmodhi4.o)
 .text.libgcc.prologue
                0x00000000        0x0 c:/program files (x86)/atmel/studio/7.0/toolchain/avr8/avr8-gnu-toolchain/bin/../lib/gcc/avr/5.4.0/avr5\libgcc.a(_udivmodhi4.o)
 .text.libgcc.builtins
                0x00000000        0x0 c:/program files (x86)/atmel/studio/7.0/toolchain/avr8/avr8-gnu-toolchain/bin/../lib/gcc/avr/5.4.0/avr5\libgcc.a(_udivmodhi4.o)
 .text.libgcc.fmul
                0x00000000        0x0 c:/program files (x86)/atmel/studio/7.0/toolchain/avr8/avr8-gnu-toolchain/bin/../lib/gcc/avr/5.4.0/avr5\libgcc.a(_udivmodhi4.o)
 .text.libgcc.fixed
                0x00000000        0x0 c:/program files (x86)/atmel/studio/7.0/toolchain/avr8/avr8-gnu-toolchain/bin/../lib/gcc/avr/5.4.0/avr5\libgcc.a(_udivmodhi4.o)
 .text          0x00000000        0x0 c:/program files (x86)/atmel/studio/7.0/toolchain/avr8/avr8-gnu-toolchain/bin/../lib/gcc/avr/5.4.0/avr5\libgcc.a(_udivmodsi4.o)
 .data          0x00000000        0x0 c:/program files (x86)/atmel/studio/7.0/toolchain/avr8/avr8-gnu-toolchain/bin/../lib/gcc/avr/5.4.0/avr5\libgcc.a(_udivmodsi4.o)
 .bss           0x00000000        0x0 c:/program files (x86)/atmel/studio/7.0/toolchain/avr8/avr8-gnu-toolchain/bin/../lib/gcc/avr/5.4.0/avr5\libgcc.a(_udivmodsi4.o)
 .text.libgcc.mul
                0x00000000        0x0 c:/program files (x86)/atmel/studio/7.0/toolchain/avr8/avr8-gnu-toolchain/bin/../lib/gcc/avr/5.4.0/avr5\libgcc.a(_udivmodsi4.o)
 .text.libgcc   0x00000000        0x0 c:/program files (x86)/atmel/studio/7.0/toolchain/avr8/avr8-gnu-toolchain/bin/../lib/gcc/avr/5.4.0/avr5\libgcc.a(_udivmodsi4.o)
 .text.libgcc.prologue
                0x00000000        0x0 c:/program files (x86)/atmel/studio/7.0/toolchain/avr8/avr8-gnu-toolchain/bin/../lib/gcc/avr/5.4.0/avr5\libgcc.a(_udivmodsi4.o)
 .text.libgcc.builtins
                0x00000000        0x0 c:/program files (x86)/atmel/studio/7.0/toolchain/avr8/avr8-gnu-toolchain/bin/../lib/gcc/avr/5.4.0/avr5\libgcc.a(_udivmodsi4.o)
 .text.libgcc.fmul
                0x00000000        0x0 c:/program files (x86)/atmel/studio/7.0/toolchain/avr8/avr8-gnu-toolchain/bin/../lib/gcc/avr/5.4.0/avr5\libgcc.a(_udivmodsi4.o)
 .text.libgcc.fixed
                0x00000000        0x0 c:/program files (x86)/atmel/studio/7.0/toolchain/avr8/avr8-gnu-toolchain/bin/../lib/gcc/avr/5.4.0/avr5\libgcc.a(_udivmodsi4.o)
 .text          0x00000000        0x0 c:/program files (x86)/atmel/studio/7.0/toolchain/avr8/avr8-gnu-toolchain/bin/../lib/gcc/avr/5.4.0/avr5\libgcc.a(_exit.o)
 .data          0x00000000        0x0 c:/program files (x86)/atmel/studio/7.0/toolchain/avr8/avr8-gnu-toolchain/bin/../lib/gcc/avr/5.4.0/avr5\libgcc.a(_exit.o)
 .bss           0x00000000        0x0 c:/program files (x86)/atmel/studio/7.0/toolchain/avr8/avr8-gnu-toolchain/bin/../lib/gcc/avr/5.4.0/avr5\libgcc.a(_exit.o)
 .text.libgcc.mul
                0x00000000        0x0 c:/program files (x86)/atmel/studio/7.0/toolchain/avr8/avr8-gnu-toolchain/bin/../lib/gcc/avr/5.4.0/avr5\libgcc.a(_exit.o)
 .text.libgcc.div
                0x00000000        0x0 c:/program files (x86)/atmel/studio/7.0/toolchain/avr8/avr8-gnu-toolchain/bin/../lib/gcc/avr/5.4.0/avr5\libgcc.a(_exit.o)
 .text.libgcc   0x00000000        0x0 c:/program files (x86)/atmel/studio/7.0/toolchain/avr8/avr8-gnu-toolchain/bin/../lib/gcc/avr/5.4.0/avr5\libgcc.a(_exit.o)
 .text.libgcc.prologue
                0x00000000        0x0 c:/program files (x86)/atmel/studio/7.0/toolchain/avr8/avr8-gnu-toolchain/bin/../lib/gcc/avr/5.4.0/avr5\libgcc.a(_exit.o)
 .text.libgcc.builtins
                0x00000000        0x0 c:/program files (x86)/atmel/studio/7.0/toolchain/avr8/avr8-gnu-toolchain/bin/../lib/gcc/avr/5.4.0/avr5\libgcc.a(_exit.o)
 .text.libgcc.fmul
                0x00000000        0x0 c:/program files (x86)/atmel/studio/7.0/toolchain/avr8/avr8-gnu-toolchain/bin/../lib/gcc/avr/5.4.0/avr5\libgcc.a(_exit.o)
 .text.libgcc.fixed
                0x00000000        0x0 c:/program files (x86)/atmel/studio/7.0/toolchain/avr8/avr8-gnu-toolchain/bin/../lib/gcc/avr/5.4.0/avr5\libgcc.a(_exit.o)
 .text          0x00000000        0x0 c:/program files (x86)/atmel/studio/7.0/toolchain/avr8/avr8-gnu-toolchain/bin/../lib/gcc/avr/5.4.0/avr5\libgcc.a(_copy_data.o)
 .data          0x00000000        0x0 c:/program files (x86)/atmel/studio/7.0/toolchain/avr8/avr8-gnu-toolchain/bin/../lib/gcc/avr/5.4.0/avr5\libgcc.a(_copy_data.o)
 .bss           0x00000000        0x0 c:/program files (x86)/atmel/studio/7.0/toolchain/avr8/avr8-gnu-toolchain/bin/../lib/gcc/avr/5.4.0/avr5\libgcc.a(_copy_data.o)
 .text.libgcc.mul
                0x00000000        0x0 c:/program files (x86)/atmel/studio/7.0/toolchain/avr8/avr8-gnu-toolchain/bin/../lib/gcc/avr/5.4.0/avr5\libgcc.a(_copy_data.o)
 .text.libgcc.div
                0x00000000        0x0 c:/program files (x86)/atmel/studio/7.0/toolchain/avr8/avr8-gnu-toolchain/bin/../lib/gcc/avr/5.4.0/avr5\libgcc.a(_copy_data.o)
 .text.libgcc   0x00000000        0x0 c:/program files (x86)/atmel/studio/7.0/toolchain/avr8/avr8-gnu-toolchain/bin/../lib/gcc/avr/5.4.0/avr5\libgcc.a(_copy_data.o)
 .text.libgcc.prologue
                0x00000000        0x0 c:/program files (x86)/atmel/studio/7.0/toolchain/avr8/avr8-gnu-toolchain/bin/../lib/gcc/avr/5.4.0/avr5\libgcc.a(_copy_data.o)
 .text.libgcc.builtins
                0x00000000        0x0 c:/program files (x86)/atmel/studio/7.0/toolchain/avr8/avr8-gnu-toolchain/bin/../lib/gcc/avr/5.4.0/avr5\libgcc.a(_copy_data.o)
 .text.libgcc.fmul
                0x00000000        0x0 c:/program files (x86)/atmel/studio/7.0/toolchain/avr8/avr8-gnu-toolchain/bin/../lib/gcc/avr/5.4.0/avr5\libgcc.a(_copy_data.o)
 .text.libgcc.fixed
                0x00000000        0x0 c:/program files (x86)/atmel/studio/7.0/toolchain/avr8/avr8-gnu-toolchain/bin/../lib/gcc/avr/5.4.0/avr5\libgcc.a(_copy_data.o)
 .text          0x00000000        0x0 c:/program files (x86)/atmel/studio/7.0/toolchain/avr8/avr8-gnu-toolchain/bin/../lib/gcc/avr/5.4.0/avr5\libgcc.a(_clear_bss.o)
 .data          0x00000000        0x0 c:/program files (x86)/atmel/studio/7.0/toolchain/avr8/avr8-gnu-toolchain/bin/../lib/gcc/avr/5.4.0/avr5\libgcc.a(_clear_bss.o)
 .bss           0x00000000        0x0 c:/program files (x86)/atmel/studio/7.0/toolchain/avr8/avr8-gnu-toolchain/bin/../lib/gcc/avr/5.4.0/avr5\libgcc.a(_clear_bss.o)
 .text.libgcc.mul
                0x00000000        0x0 c:/program files (x86)/atmel/studio/7.0/toolchain/avr8/avr8-gnu-toolchain/bin/../lib/gcc/avr/5.4.0/avr5\libgcc.a(_clear_bss.o)
 .text.libgcc.div
                0x00000000        0x0 c:/program files (x86)/atmel/studio/7.0/toolchain/avr8/avr8-gnu-toolchain/bin/../lib/gcc/avr/5.4.0/avr5\libgcc.a(_clear_bss.o)
 .text.libgcc   0x00000000        0x0 c:/program files (x86)/atmel/studio/7.0/toolchain/avr8/avr8-gnu-toolchain/bin/../lib/gcc/avr/5.4.0/avr5\libgcc.a(_clear_bss.o)
 .text.libgcc.prologue
                0x00000000        0x0 c:/program files (x86)/atmel/studio/7.0/toolchain/avr8/avr8-gnu-toolchain/bin/../lib/gcc/avr/5.4.0/avr5\libgcc.a(_clear_bss.o)
 .text.libgcc.builtins
                0x00000000        0x0 c:/program files (x86)/atmel/studio/7.0/toolchain/avr8/avr8-gnu-toolchain/bin/../lib/gcc/avr/5.4.0/avr5\libgcc.a(_clear_bss.o)
 .text.libgcc.fmul
                0x00000000        0x0 c:/program files (x86)/atmel/studio/7.0/toolchain/avr8/avr8-gnu-toolchain/bin/../lib/gcc/avr/5.4.0/avr5\libgcc.a(_clear_bss.o)
 .text.libgcc.fixed
                0x00000000        0x0 c:/program files (x86)/atmel/studio/7.0/toolchain/avr8/avr8-gnu-toolchain/bin/../lib/gcc/avr/5.4.0/avr5\libgcc.a(_clear_bss.o)
 .text          0x00000000        0x0 c:/program files (x86)/atmel/studio/7.0/toolchain/avr8/avr8-gnu-toolchain/bin/../lib/gcc/avr/5.4.0/avr5\libgcc.a(_ctors.o)
 .data          0x00000000        0x0 c:/program files (x86)/atmel/studio/7.0/toolchain/avr8/avr8-gnu-toolchain/bin/../lib/gcc/avr/5.4.0/avr5\libgcc.a(_ctors.o)
 .bss           0x00000000        0x0 c:/program files (x86)/atmel/studio/7.0/toolchain/avr8/avr8-gnu-toolchain/bin/../lib/gcc/avr/5.4.0/avr5\libgcc.a(_ctors.o)
 .text.libgcc.mul
                0x00000000        0x0 c:/program files (x86)/atmel/studio/7.0/toolchain/avr8/avr8-gnu-toolchain/bin/../lib/gcc/avr/5.4.0/avr5\libgcc.a(_ctors.o)
 .text.libgcc.div
                0x00000000        0x0 c:/program files (x86)/atmel/studio/7.0/toolchain/avr8/avr8-gnu-toolchain/bin/../lib/gcc/avr/5.4.0/avr5\libgcc.a(_ctors.o)
 .text.libgcc   0x00000000        0x0 c:/program files (x86)/atmel/studio/7.0/toolchain/avr8/avr8-gnu-toolchain/bin/../lib/gcc/avr/5.4.0/avr5\libgcc.a(_ctors.o)
 .text.libgcc.prologue
                0x00000000        0x0 c:/program files (x86)/atmel/studio/7.0/toolchain/avr8/avr8-gnu-toolchain/bin/../lib/gcc/avr/5.4.0/avr5\libgcc.a(_ctors.o)
 .text.libgcc.builtins
                0x00000000        0x0 c:/program files (x86)/atmel/studio/7.0/toolchain/avr8/avr8-gnu-toolchain/bin/../lib/gcc/avr/5.4.0/avr5\libgcc.a(_ctors.o)
 .text.libgcc.fmul
                0x00000000        0x0 c:/program files (x86)/atmel/studio/7.0/toolchain/avr8/avr8-gnu-toolchain/bin/../lib/gcc/avr/5.4.0/avr5\libgcc.a(_ctors.o)
 .text.libgcc.fixed
                0x00000000        0x0 c:/program files (x86)/atmel/studio/7.0/toolchain/avr8/avr8-gnu-toolchain/bin/../lib/gcc/avr/5.4.0/avr5\libgcc.a(_ctors.o)
 .text          0x00000000        0x0 c:/program files (x86)/atmel/studio/7.0/toolchain/avr8/avr8-gnu-toolchain/bin/../lib/gcc/avr/5.4.0/avr5\libgcc.a(_tablejump2.o)
 .data          0x00000000        0x0 c:/program files (x86)/atmel/studio/7.0/toolchain/avr8/avr8-gnu-toolchain/bin/../lib/gcc/avr/5.4.0/avr5\libgcc.a(_tablejump2.o)
 .bss           0x00000000        0x0 c:/program files (x86)/atmel/studio/7.0/toolchain/avr8/avr8-gnu-toolchain/bin/../lib/gcc/avr/5.4.0/avr5\libgcc.a(_tablejump2.o)
 .text.libgcc.mul
                0x00000000        0x0 c:/program files (x86)/atmel/studio/7.0/toolchain/avr8/avr8-gnu-toolchain/bin/../lib/gcc/avr/5.4.0/avr5\libgcc.a(_tablejump2.o)
 .text.libgcc.div
                0x00000000        0x0 c:/program files (x86)/atmel/studio/7.0/toolchain/avr8/avr8-gnu-toolchain/bin/../lib/gcc/avr/5.4.0/avr5\libgcc.a(_tablejump2.o)
 .text.libgcc.prologue
                0x00000000        0x0 c:/program files (x86)/atmel/studio/7.0/toolchain/avr8/avr8-gnu-toolchain/bin/../lib/gcc/avr/5.4.0/avr5\libgcc.a(_tablejump2.o)
 .text.libgcc.builtins
                0x00000000        0x0 c:/program files (x86)/atmel/studio/7.0/toolchain/avr8/avr8-gnu-toolchain/bin/../lib/gcc/avr/5.4.0/avr5\libgcc.a(_tablejump2.o)
 .text.libgcc.fmul
                0x00000000        0x0 c:/program files (x86)/atmel/studio/7.0/toolchain/avr8/avr8-gnu-toolchain/bin/../lib/gcc/avr/5.4.0/avr5\libgcc.a(_tablejump2.o)
 .text.libgcc.fixed
                0x00000000        0x0 c:/program files (x86)/atmel/studio/7.0/toolchain/avr8/avr8-gnu-toolchain/bin/../lib/gcc/avr/5.4.0/avr5\libgcc.a(_tablejump2.o)

Memory Configuration

Name             Origin             Length             Attributes
text             0x00000000         0x00008000         xr
data             0x00800100         0x00000800         rw !x
eeprom           0x00810000         0x00000400         rw !x
fuse             0x00820000         0x00000003         rw !x
lock             0x00830000         0x00000400         rw !x
signature        0x00840000         0x00000400         rw !x
user_signatures  0x00850000         0x00000400         rw !x
*default*        0x00000000         0xffffffff

Linker script and memory map

Address of section .data set to 0x800100
LOAD C:/Program Files (x86)/Atmel/Studio/7.0/Packs/atmel/ATmega_DFP/1.4.331/gcc/dev/atmega328p/avr5/crtatmega328p.o
LOAD bios_adc.o
LOAD bios_keys.o
LOAD bios_leds.o
LOAD bios_timer1.o
LOAD main_adc_int_timer1_int_pwm.o
START GROUP
LOAD c:/program files (x86)/atmel/studio/7.0/toolchain/avr8/avr8-gnu-toolchain/bin/../lib/gcc/avr/5.4.0/../../../../avr/lib/avr5\libm.a
END GROUP
LOAD c:/program files (x86)/atmel/studio/7.0/toolchain/avr8/avr8-gnu-toolchain/bin/../lib/gcc/avr/5.4.0/avr5\libgcc.a
LOAD c:/program files (x86)/atmel/studio/7.0/toolchain/avr8/avr8-gnu-toolchain/bin/../lib/gcc/avr/5.4.0/../../../../avr/lib/avr5\libm.a
START GROUP
LOAD c:/program files (x86)/atmel/studio/7.0/toolchain/avr8/avr8-gnu-toolchain/bin/../lib/gcc/avr/5.4.0/avr5\libgcc.a
LOAD c:/program files (x86)/atmel/studio/7.0/toolchain/avr8/avr8-gnu-toolchain/bin/../lib/gcc/avr/5.4.0/../../../../avr/lib/avr5\libm.a
LOAD c:/program files (x86)/atmel/studio/7.0/toolchain/avr8/avr8-gnu-toolchain/bin/../lib/gcc/avr/5.4.0/../../../../avr/lib/avr5\libc.a
LOAD C:/Program Files (x86)/Atmel/Studio/7.0/Packs/atmel/ATmega_DFP/1.4.331/gcc/dev/atmega328p/avr5\libatmega328p.a
END GROUP
                0x00000000                __TEXT_REGION_ORIGIN__ = DEFINED (__TEXT_REGION_ORIGIN__)?__TEXT_REGION_ORIGIN__:0x0
                [0x00800100]                __DATA_REGION_ORIGIN__ = DEFINED (__DATA_REGION_ORIGIN__)?__DATA_REGION_ORIGIN__:0x800060
                [0x00008000]                __TEXT_REGION_LENGTH__ = DEFINED (__TEXT_REGION_LENGTH__)?__TEXT_REGION_LENGTH__:0x20000
                [0x00000800]                __DATA_REGION_LENGTH__ = DEFINED (__DATA_REGION_LENGTH__)?__DATA_REGION_LENGTH__:0xffa0
                [0x00000400]                __EEPROM_REGION_LENGTH__ = DEFINED (__EEPROM_REGION_LENGTH__)?__EEPROM_REGION_LENGTH__:0x10000
                [0x00000003]                __FUSE_REGION_LENGTH__ = DEFINED (__FUSE_REGION_LENGTH__)?__FUSE_REGION_LENGTH__:0x400
                0x00000400                __LOCK_REGION_LENGTH__ = DEFINED (__LOCK_REGION_LENGTH__)?__LOCK_REGION_LENGTH__:0x400
                0x00000400                __SIGNATURE_REGION_LENGTH__ = DEFINED (__SIGNATURE_REGION_LENGTH__)?__SIGNATURE_REGION_LENGTH__:0x400
                0x00000400                __USER_SIGNATURE_REGION_LENGTH__ = DEFINED (__USER_SIGNATURE_REGION_LENGTH__)?__USER_SIGNATURE_REGION_LENGTH__:0x400

.hash
 *(.hash)

.dynsym
 *(.dynsym)

.dynstr
 *(.dynstr)

.gnu.version
 *(.gnu.version)

.gnu.version_d
 *(.gnu.version_d)

.gnu.version_r
 *(.gnu.version_r)

.rel.init
 *(.rel.init)

.rela.init
 *(.rela.init)

.rel.text
 *(.rel.text)
 *(.rel.text.*)
 *(.rel.gnu.linkonce.t*)

.rela.text
 *(.rela.text)
 *(.rela.text.*)
 *(.rela.gnu.linkonce.t*)

.rel.fini
 *(.rel.fini)

.rela.fini
 *(.rela.fini)

.rel.rodata
 *(.rel.rodata)
 *(.rel.rodata.*)
 *(.rel.gnu.linkonce.r*)

.rela.rodata
 *(.rela.rodata)
 *(.rela.rodata.*)
 *(.rela.gnu.linkonce.r*)

.rel.data
 *(.rel.data)
 *(.rel.data.*)
 *(.rel.gnu.linkonce.d*)

.rela.data
 *(.rela.data)
 *(.rela.data.*)
 *(.rela.gnu.linkonce.d*)

.rel.ctors
 *(.rel.ctors)

.rela.ctors
 *(.rela.ctors)

.rel.dtors
 *(.rel.dtors)

.rela.dtors
 *(.rela.dtors)

.rel.got
 *(.rel.got)

.rela.got
 *(.rela.got)

.rel.bss
 *(.rel.bss)

.rela.bss
 *(.rela.bss)

.rel.plt
 *(.rel.plt)

.rela.plt
 *(.rela.plt)

.text           0x00000000      0x4d2
 *(.vectors)
 .vectors       0x00000000       0x68 C:/Program Files (x86)/Atmel/Studio/7.0/Packs/atmel/ATmega_DFP/1.4.331/gcc/dev/atmega328p/avr5/crtatmega328p.o
                0x00000000                __vector_default
                0x00000000                __vectors
 *(.vectors)
 *(.progmem.gcc*)
                0x00000068                . = ALIGN (0x2)
                0x00000068                __trampolines_start = .
 *(.trampolines)
 .trampolines   0x00000068        0x0 linker stubs
 *(.trampolines*)
                0x00000068                __trampolines_end = .
 *libprintf_flt.a:*(.progmem.data)
 *libc.a:*(.progmem.data)
 *(.progmem*)
                0x00000068                . = ALIGN (0x2)
 *(.jumptables)
 *(.jumptables*)
 *(.lowtext)
 *(.lowtext*)
                0x00000068                __ctors_start = .
 *(.ctors)
 .ctors         0x00000068        0x2 bios_adc.o
 .ctors         0x0000006a        0x2 bios_timer1.o
                0x0000006c                __ctors_end = .
                0x0000006c                __dtors_start = .
 *(.dtors)
                0x0000006c                __dtors_end = .
 SORT(*)(.ctors)
 SORT(*)(.dtors)
 *(.init0)
 .init0         0x0000006c        0x0 C:/Program Files (x86)/Atmel/Studio/7.0/Packs/atmel/ATmega_DFP/1.4.331/gcc/dev/atmega328p/avr5/crtatmega328p.o
                0x0000006c                __init
 *(.init0)
 *(.init1)
 *(.init1)
 *(.init2)
 .init2         0x0000006c        0xc C:/Program Files (x86)/Atmel/Studio/7.0/Packs/atmel/ATmega_DFP/1.4.331/gcc/dev/atmega328p/avr5/crtatmega328p.o
 *(.init2)
 *(.init3)
 *(.init3)
 *(.init4)
 .init4         0x00000078       0x16 c:/program files (x86)/atmel/studio/7.0/toolchain/avr8/avr8-gnu-toolchain/bin/../lib/gcc/avr/5.4.0/avr5\libgcc.a(_copy_data.o)
                0x00000078                __do_copy_data
 .init4         0x0000008e       0x10 c:/program files (x86)/atmel/studio/7.0/toolchain/avr8/avr8-gnu-toolchain/bin/../lib/gcc/avr/5.4.0/avr5\libgcc.a(_clear_bss.o)
                0x0000008e                __do_clear_bss
 *(.init4)
 *(.init5)
 *(.init5)
 *(.init6)
 .init6         0x0000009e       0x14 c:/program files (x86)/atmel/studio/7.0/toolchain/avr8/avr8-gnu-toolchain/bin/../lib/gcc/avr/5.4.0/avr5\libgcc.a(_ctors.o)
                0x0000009e                __do_global_ctors
 *(.init6)
 *(.init7)
 *(.init7)
 *(.init8)
 *(.init8)
 *(.init9)
 .init9         0x000000b2        0x4 C:/Program Files (x86)/Atmel/Studio/7.0/Packs/atmel/ATmega_DFP/1.4.331/gcc/dev/atmega328p/avr5/crtatmega328p.o
 *(.init9)
 *(.text)
 .text          0x000000b6        0x2 C:/Program Files (x86)/Atmel/Studio/7.0/Packs/atmel/ATmega_DFP/1.4.331/gcc/dev/atmega328p/avr5/crtatmega328p.o
                0x000000b6                __vector_22
                0x000000b6                __vector_1
                0x000000b6                __vector_24
                0x000000b6                __vector_12
                0x000000b6                __bad_interrupt
                0x000000b6                __vector_6
                0x000000b6                __vector_3
                0x000000b6                __vector_23
                0x000000b6                __vector_25
                0x000000b6                __vector_13
                0x000000b6                __vector_17
                0x000000b6                __vector_19
                0x000000b6                __vector_7
                0x000000b6                __vector_5
                0x000000b6                __vector_4
                0x000000b6                __vector_9
                0x000000b6                __vector_2
                0x000000b6                __vector_15
                0x000000b6                __vector_8
                0x000000b6                __vector_14
                0x000000b6                __vector_10
                0x000000b6                __vector_16
                0x000000b6                __vector_18
                0x000000b6                __vector_20
                0x000000b8                . = ALIGN (0x2)
 *(.text.*)
 .text._ZN11ADConverter10startRoundEv
                0x000000b8       0x2e bios_adc.o
                0x000000b8                _ZN11ADConverter10startRoundEv
 .text.__vector_21
                0x000000e6       0x6e bios_adc.o
                0x000000e6                __vector_21
 .text._ZNK11ADConverter9getRecentEh
                0x00000154        0xc bios_adc.o
                0x00000154                _ZNK11ADConverter9getRecentEh
 .text._ZN11ADConverter8setRangeEhh
                0x00000160       0x1c bios_adc.o
                0x00000160                _ZN11ADConverter8setRangeEhh
 .text._ZN11ADConverter10initializeEhh
                0x0000017c       0x38 bios_adc.o
                0x0000017c                _ZN11ADConverter10initializeEhh
 .text.startup._GLOBAL__sub_I__ZN11ADConverter8instanceE
                0x000001b4        0xe bios_adc.o
 .text._ZN4LEDsC2Ev
                0x000001c2       0x20 bios_leds.o
                0x000001c2                _ZN4LEDsC2Ev
                0x000001c2                _ZN4LEDsC1Ev
 .text._ZNK4LEDs3getEv
                0x000001e2        0x6 bios_leds.o
                0x000001e2                _ZNK4LEDs3getEv
 .text._ZN4LEDs3setEh
                0x000001e8        0xc bios_leds.o
                0x000001e8                _ZN4LEDs3setEh
 .text._ZN6Timer110initializeEmP9int_abaseh
                0x000001f4       0x7a bios_timer1.o
                0x000001f4                _ZN6Timer110initializeEmP9int_abaseh
 .text.__vector_11
                0x0000026e       0x5a bios_timer1.o
                0x0000026e                __vector_11
 .text.startup._GLOBAL__sub_I__ZN6Timer18instanceE
                0x000002c8        0xa bios_timer1.o
 .text._ZN11myInterrupt6handleEv
                0x000002d2       0x74 main_adc_int_timer1_int_pwm.o
                0x000002d2                _ZN11myInterrupt6handleEv
 .text.startup.main
                0x00000346      0x110 main_adc_int_timer1_int_pwm.o
                0x00000346                main
 .text.libgcc.div
                0x00000456       0x28 c:/program files (x86)/atmel/studio/7.0/toolchain/avr8/avr8-gnu-toolchain/bin/../lib/gcc/avr/5.4.0/avr5\libgcc.a(_udivmodhi4.o)
                0x00000456                __udivmodhi4
 .text.libgcc.div
                0x0000047e       0x44 c:/program files (x86)/atmel/studio/7.0/toolchain/avr8/avr8-gnu-toolchain/bin/../lib/gcc/avr/5.4.0/avr5\libgcc.a(_udivmodsi4.o)
                0x0000047e                __udivmodsi4
 .text.libgcc   0x000004c2        0xc c:/program files (x86)/atmel/studio/7.0/toolchain/avr8/avr8-gnu-toolchain/bin/../lib/gcc/avr/5.4.0/avr5\libgcc.a(_tablejump2.o)
                0x000004c2                __tablejump2__
                0x000004ce                . = ALIGN (0x2)
 *(.fini9)
 .fini9         0x000004ce        0x0 c:/program files (x86)/atmel/studio/7.0/toolchain/avr8/avr8-gnu-toolchain/bin/../lib/gcc/avr/5.4.0/avr5\libgcc.a(_exit.o)
                0x000004ce                _exit
                0x000004ce                exit
 *(.fini9)
 *(.fini8)
 *(.fini8)
 *(.fini7)
 *(.fini7)
 *(.fini6)
 *(.fini6)
 *(.fini5)
 *(.fini5)
 *(.fini4)
 *(.fini4)
 *(.fini3)
 *(.fini3)
 *(.fini2)
 *(.fini2)
 *(.fini1)
 *(.fini1)
 *(.fini0)
 .fini0         0x000004ce        0x4 c:/program files (x86)/atmel/studio/7.0/toolchain/avr8/avr8-gnu-toolchain/bin/../lib/gcc/avr/5.4.0/avr5\libgcc.a(_exit.o)
 *(.fini0)
                0x000004d2                _etext = .

.data           0x00800100        0xc load address 0x000004d2
                0x00800100                PROVIDE (__data_start, .)
 *(.data)
 *(.data*)
 *(.gnu.linkonce.d*)
 *(.rodata)
 *(.rodata*)
 .rodata._ZZN6Timer110initializeEmP9int_abasehE9prescales
                0x00800100        0x6 bios_timer1.o
 .rodata._ZTV11myInterrupt
                0x00800106        0x6 main_adc_int_timer1_int_pwm.o
                0x00800106                _ZTV11myInterrupt
 *(.gnu.linkonce.r*)
                0x0080010c                . = ALIGN (0x2)
                0x0080010c                _edata = .
                0x0080010c                PROVIDE (__data_end, .)

.bss            0x0080010c        0xd
                0x0080010c                PROVIDE (__bss_start, .)
 *(.bss)
 *(.bss*)
 .bss._ZL7channel
                0x0080010c        0x1 bios_adc.o
 .bss._ZL14latest_results
                0x0080010d        0x6 bios_adc.o
 .bss._ZN11ADConverter8instanceE
                0x00800113        0x3 bios_adc.o
                0x00800113                _ZN11ADConverter8instanceE
 .bss._ZN4LEDs9use_countE
                0x00800116        0x1 bios_leds.o
                0x00800116                _ZN4LEDs9use_countE
 .bss._ZN6Timer18instanceE
                0x00800117        0x2 bios_timer1.o
                0x00800117                _ZN6Timer18instanceE
 *(COMMON)
                0x00800119                PROVIDE (__bss_end, .)
                0x000004d2                __data_load_start = LOADADDR (.data)
                0x000004de                __data_load_end = (__data_load_start + SIZEOF (.data))

.noinit         0x00800119        0x0
                [!provide]                PROVIDE (__noinit_start, .)
 *(.noinit*)
                [!provide]                PROVIDE (__noinit_end, .)
                0x00800119                _end = .
                [!provide]                PROVIDE (__heap_start, .)

.eeprom         0x00810000        0x0
 *(.eeprom*)
                0x00810000                __eeprom_end = .

.fuse
 *(.fuse)
 *(.lfuse)
 *(.hfuse)
 *(.efuse)

.lock
 *(.lock*)

.signature
 *(.signature*)

.user_signatures
 *(.user_signatures*)

.stab
 *(.stab)

.stabstr
 *(.stabstr)

.stab.excl
 *(.stab.excl)

.stab.exclstr
 *(.stab.exclstr)

.stab.index
 *(.stab.index)

.stab.indexstr
 *(.stab.indexstr)

.comment        0x00000000       0x30
 *(.comment)
 .comment       0x00000000       0x30 bios_adc.o
                                 0x31 (size before relaxing)
 .comment       0x00000030       0x31 bios_leds.o
 .comment       0x00000030       0x31 bios_timer1.o
 .comment       0x00000030       0x31 main_adc_int_timer1_int_pwm.o

.note.gnu.avr.deviceinfo
                0x00000000       0x40
 .note.gnu.avr.deviceinfo
                0x00000000       0x40 C:/Program Files (x86)/Atmel/Studio/7.0/Packs/atmel/ATmega_DFP/1.4.331/gcc/dev/atmega328p/avr5/crtatmega328p.o

.note.gnu.build-id
 *(.note.gnu.build-id)

.debug
 *(.debug)

.line
 *(.line)

.debug_srcinfo
 *(.debug_srcinfo)

.debug_sfnames
 *(.debug_sfnames)

.debug_aranges  0x00000000       0xe8
 *(.debug_aranges)
 .debug_aranges
                0x00000000       0x50 bios_adc.o
 .debug_aranges
                0x00000050       0x38 bios_leds.o
 .debug_aranges
                0x00000088       0x38 bios_timer1.o
 .debug_aranges
                0x000000c0       0x28 main_adc_int_timer1_int_pwm.o

.debug_pubnames
 *(.debug_pubnames)

.debug_info     0x00000000     0x209e
 *(.debug_info .gnu.linkonce.wi.*)
 .debug_info    0x00000000      0x5f4 C:/Program Files (x86)/Atmel/Studio/7.0/Packs/atmel/ATmega_DFP/1.4.331/gcc/dev/atmega328p/avr5/crtatmega328p.o
 .debug_info    0x000005f4      0x5b1 bios_adc.o
 .debug_info    0x00000ba5      0x2e3 bios_leds.o
 .debug_info    0x00000e88      0x460 bios_timer1.o
 .debug_info    0x000012e8      0xdb6 main_adc_int_timer1_int_pwm.o

.debug_abbrev   0x00000000      0xfb9
 *(.debug_abbrev)
 .debug_abbrev  0x00000000      0x5a2 C:/Program Files (x86)/Atmel/Studio/7.0/Packs/atmel/ATmega_DFP/1.4.331/gcc/dev/atmega328p/avr5/crtatmega328p.o
 .debug_abbrev  0x000005a2      0x274 bios_adc.o
 .debug_abbrev  0x00000816      0x195 bios_leds.o
 .debug_abbrev  0x000009ab      0x289 bios_timer1.o
 .debug_abbrev  0x00000c34      0x385 main_adc_int_timer1_int_pwm.o

.debug_line     0x00000000      0xe95
 *(.debug_line .debug_line.* .debug_line_end)
 .debug_line    0x00000000      0x133 C:/Program Files (x86)/Atmel/Studio/7.0/Packs/atmel/ATmega_DFP/1.4.331/gcc/dev/atmega328p/avr5/crtatmega328p.o
 .debug_line    0x00000133      0x379 bios_adc.o
 .debug_line    0x000004ac      0x2aa bios_leds.o
 .debug_line    0x00000756      0x300 bios_timer1.o
 .debug_line    0x00000a56      0x43f main_adc_int_timer1_int_pwm.o

.debug_frame    0x00000000      0x20c
 *(.debug_frame)
 .debug_frame   0x00000000       0xb0 bios_adc.o
 .debug_frame   0x000000b0       0x54 bios_leds.o
 .debug_frame   0x00000104       0xb8 bios_timer1.o
 .debug_frame   0x000001bc       0x50 main_adc_int_timer1_int_pwm.o

.debug_str      0x00000000     0x6e35
 *(.debug_str)
 .debug_str     0x00000000      0x208 C:/Program Files (x86)/Atmel/Studio/7.0/Packs/atmel/ATmega_DFP/1.4.331/gcc/dev/atmega328p/avr5/crtatmega328p.o
 .debug_str     0x00000208     0x61a0 bios_adc.o
                               0x6275 (size before relaxing)
 .debug_str     0x000063a8       0xe0 bios_leds.o
                               0x5c89 (size before relaxing)
 .debug_str     0x00006488      0x23c bios_timer1.o
                               0x6208 (size before relaxing)
 .debug_str     0x000066c4      0x771 main_adc_int_timer1_int_pwm.o
                               0x6be3 (size before relaxing)

.debug_loc      0x00000000      0x744
 *(.debug_loc)
 .debug_loc     0x00000000      0x1a9 bios_adc.o
 .debug_loc     0x000001a9       0xcf bios_leds.o
 .debug_loc     0x00000278      0x1ea bios_timer1.o
 .debug_loc     0x00000462      0x2e2 main_adc_int_timer1_int_pwm.o

.debug_macinfo
 *(.debug_macinfo)

.debug_weaknames
 *(.debug_weaknames)

.debug_funcnames
 *(.debug_funcnames)

.debug_typenames
 *(.debug_typenames)

.debug_varnames
 *(.debug_varnames)

.debug_pubtypes
 *(.debug_pubtypes)

.debug_ranges   0x00000000       0xd8
 *(.debug_ranges)
 .debug_ranges  0x00000000       0x40 bios_adc.o
 .debug_ranges  0x00000040       0x28 bios_leds.o
 .debug_ranges  0x00000068       0x28 bios_timer1.o
 .debug_ranges  0x00000090       0x48 main_adc_int_timer1_int_pwm.o

.debug_macro    0x00000000     0x2760
 *(.debug_macro)
 .debug_macro   0x00000000       0x95 bios_adc.o
 .debug_macro   0x00000095      0xa5a bios_adc.o
 .debug_macro   0x00000aef       0x1e bios_adc.o
 .debug_macro   0x00000b0d       0x10 bios_adc.o
 .debug_macro   0x00000b1d       0x9e bios_adc.o
 .debug_macro   0x00000bbb     0x1410 bios_adc.o
 .debug_macro   0x00001fcb      0x13a bios_adc.o
 .debug_macro   0x00002105       0xbd bios_adc.o
 .debug_macro   0x000021c2       0x34 bios_adc.o
 .debug_macro   0x000021f6       0x18 bios_adc.o
 .debug_macro   0x0000220e       0x6c bios_adc.o
 .debug_macro   0x0000227a       0x69 bios_adc.o
 .debug_macro   0x000022e3       0x8c bios_leds.o
 .debug_macro   0x0000236f       0x9f bios_timer1.o
 .debug_macro   0x0000240e       0xf7 main_adc_int_timer1_int_pwm.o
 .debug_macro   0x00002505       0x63 main_adc_int_timer1_int_pwm.o
 .debug_macro   0x00002568       0x1c main_adc_int_timer1_int_pwm.o
 .debug_macro   0x00002584      0x10e main_adc_int_timer1_int_pwm.o
 .debug_macro   0x00002692       0x66 main_adc_int_timer1_int_pwm.o
 .debug_macro   0x000026f8       0x68 main_adc_int_timer1_int_pwm.o
OUTPUT(oop_adc_int_timer1_int_pwm.elf elf32-avr)
LOAD linker stubs
